// Jest Snapshot v1, https://goo.gl/fbAQLP

exports[`finds all element references to a component 1`] = `
[
  "<Button onClick={props.onClose}>",
  "<Button onClick={() => setOpen(true)} children="Open" />",
]
`;
