// Jest Snapshot v1, https://goo.gl/fbAQLP

exports[`gets nodes within an offset range 1`] = `"b"`;

exports[`gets nodes within an offset range 2`] = `
"export function Button(props: {
    onClick: () => void
    children: React.ReactNode
}) {
    return <button onClick={props.onClick}>{props.children}</button>
}"
`;
